


google294503_student@qwiklabs-gcp-b7711bd10372b99e:~$ git clone https://github.com/googlecodelabs/orchestrate-with-kubernetes.git
Cloning into 'orchestrate-with-kubernetes'...
remote: Counting objects: 90, done.
remote: Total 90 (delta 0), reused 0 (delta 0), pack-reused 90
Unpacking objects: 100% (90/90), done.


google294503_student@qwiklabs-gcp-b7711bd10372b99e:~/orchestrate-with-kubernetes/kubernetes$ gcloud container clusters create bootcamp --num-nodes 5 --scopes "https://www.googleapis.com/auth/projecthosting,storage-rw"
WARNING: The behavior of --scopes will change in a future gcloud release: service-control and service-management scopes will no longer be added to what is specified in --scopes. To use these scopes, add them explicitly to --scopes. To use the new behavior, set container/new_scopes_behavior property (gcloud config set container/new_scopes_behavior true).
WARNING: Starting in Kubernetes v1.10, new clusters will no longer get compute-rw and storage-ro scopes added to what is specified in --scopes (though the latter will remain included in the default --scopes). To use these scopes, add them explicitly to --scopes. To use the new behavior, set container/new_scopes_behavior property (gcloud config set container/new_scopes_behavior true).
Creating cluster bootcamp...\

gle294503_student@qwiklabs-gcp-b7711bd10372b99e:~/orchestrate-with-kubernetes/kubernetes$ kubectl explain deployment
DESCRIPTION:
DEPRECATED - This group version of Deployment is deprecated by apps/v1beta2/Deployment. See the release notes for more information. Deployment enables declarative updates for Pods and ReplicaSets.

FIELDS:
   apiVersion   <string>
     APIVersion defines the versioned schema of this representation of an
     object. Servers should convert recognized schemas to the latest internal
     value, and may reject unrecognized values. More info:
     https://git.k8s.io/community/contributors/devel/api-conventions.md#resources

   kind <string>
     Kind is a string value representing the REST resource this object
     represents. Servers may infer this from the endpoint the client submits
     requests to. Cannot be updated. In CamelCase. More info:
     https://git.k8s.io/community/contributors/devel/api-conventions.md#types-kinds

   metadata     <Object>
     Standard object metadata.

   spec <Object>
     Specification of the desired behavior of the Deployment.

   status       <Object>
     Most recently observed status of the Deployment.


google294503_student@qwiklabs-gcp-b7711bd10372b99e:~/orchestrate-with-kubernetes/kubernetes$ kubectl explain recursive
the server doesn't have a resource type "recursive"
google294503_student@qwiklabs-gcp-b7711bd10372b99e:~/orchestrate-with-kubernetes/kubernetes$
google294503_student@qwiklabs-gcp-b7711bd10372b99e:~/orchestrate-with-kubernetes/kubernetes$
google294503_student@qwiklabs-gcp-b7711bd10372b99e:~/orchestrate-with-kubernetes/kubernetes$ kubectl explain --recursive
You must specify the type of resource to explain. Valid resource types include:

    * all
    * certificatesigningrequests (aka 'csr')
    * clusterrolebindings
    * clusterroles
    * clusters (valid only for federation apiservers)
    * componentstatuses (aka 'cs')
    * configmaps (aka 'cm')
    * controllerrevisions
    * cronjobs
    * customresourcedefinition (aka 'crd')
    * daemonsets (aka 'ds')
    * deployments (aka 'deploy')
    * endpoints (aka 'ep')
    * events (aka 'ev')
    * horizontalpodautoscalers (aka 'hpa')
    * ingresses (aka 'ing')
    * jobs
    * limitranges (aka 'limits')
    * namespaces (aka 'ns')
    * networkpolicies (aka 'netpol')
    * nodes (aka 'no')
    * persistentvolumeclaims (aka 'pvc')
    * persistentvolumes (aka 'pv')
    * poddisruptionbudgets (aka 'pdb')
    * podpreset
    * pods (aka 'po')
    * podsecuritypolicies (aka 'psp')
    * podtemplates
    * replicasets (aka 'rs')
    * replicationcontrollers (aka 'rc')
    * resourcequotas (aka 'quota')
    * rolebindings
    * roles
    * secrets
    * serviceaccounts (aka 'sa')
    * services (aka 'svc')
    * statefulsets
    * storageclasses

error: Required resource not specified.
See 'kubectl explain -h' for help and examples.
google294503_student@qwiklabs-gcp-b7711bd10372b99e:~/orchestrate-with-kubernetes/kubernetes$


google294503_student@qwiklabs-gcp-b7711bd10372b99e:~/orchestrate-with-kubernetes/kubernetes$ kubectl explain deployment.metadata.name
FIELD: name <string>

DESCRIPTION:
     Name must be unique within a namespace. Is required when creating
     resources, although some resources may allow a client to request the
     generation of an appropriate name automatically. Name is primarily intended
     for creation idempotence and configuration definition. Cannot be updated.
     More info: http://kubernetes.io/docs/user-guide/identifiers#names
google294503_student@qwiklabs-gcp-b7711bd10372b99e:~/orchestrate-with-kubernetes/kubernetes$




google294503_student@qwiklabs-gcp-b7711bd10372b99e:~/orchestrate-with-kubernetes/kubernetes$ cat deployments/auth.yaml
apiVersion: extensions/v1beta1
kind: Deployment
metadata:
  name: auth
spec:
  replicas: 1
  template:
    metadata:
      labels:
        app: auth
        track: stable
    spec:
      containers:
        - name: auth
          image: "kelseyhightower/auth:2.0.0"
          ports:
            - name: http
              containerPort: 80
            - name: health
              containerPort: 81
          resources:
            limits:
              cpu: 0.2
              memory: "10Mi"
          livenessProbe:
            httpGet:
              path: /healthz
              port: 81
              scheme: HTTP
            initialDelaySeconds: 5
            periodSeconds: 15
            timeoutSeconds: 5
          readinessProbe:
            httpGet:
              path: /readiness
              port: 81
              scheme: HTTP
            initialDelaySeconds: 5
            timeoutSeconds: 1
google294503_student@qwiklabs-gcp-b7711bd10372b99e:~/orchestrate-with-kubernetes/kubernetes$



google294503_student@qwiklabs-gcp-b7711bd10372b99e:~/orchestrate-with-kubernetes/kubernetes$ kubectl create -f deployments/auth.yaml
deployment "auth" created
google294503_student@qwiklabs-gcp-b7711bd10372b99e:~/orchestrate-with-kubernetes/kubernetes$


google294503_student@qwiklabs-gcp-b7711bd10372b99e:~/orchestrate-with-kubernetes/kubernetes$ kubectl get deployments
NAME      DESIRED   CURRENT   UP-TO-DATE   AVAILABLE   AGE
auth      1         1         1            1           24s
google294503_student@qwiklabs-gcp-b7711bd10372b99e:~/orchestrate-with-kubernetes/kubernetes$

google294503_student@qwiklabs-gcp-b7711bd10372b99e:~/orchestrate-with-kubernetes/kubernetes$ kubectl get replicasets
NAME              DESIRED   CURRENT   READY     AGE
auth-656c5f97d7   1         1         1         58s
google294503_student@qwiklabs-gcp-b7711bd10372b99e:~/orchestrate-with-kubernetes/kubernetes$

google294503_student@qwiklabs-gcp-b7711bd10372b99e:~/orchestrate-with-kubernetes/kubernetes$ kubectl get pods
NAME                    READY     STATUS    RESTARTS   AGE
auth-656c5f97d7-rllx2   1/1       Running   0          1m
google294503_student@qwiklabs-gcp-b7711bd10372b99e:~/orchestrate-with-kubernetes/kubernetes$

google294503_student@qwiklabs-gcp-b7711bd10372b99e:~/orchestrate-with-kubernetes/kubernetes$ kubectl create -f services/auth.yaml
service "auth" created
google294503_student@qwiklabs-gcp-b7711bd10372b99e:~/orchestrate-with-kubernetes/kubernetes$


google294503_student@qwiklabs-gcp-b7711bd10372b99e:~/orchestrate-with-kubernetes/kubernetes$ kubectl create -f deployments/hello.yaml
deployment "hello" created
google294503_student@qwiklabs-gcp-b7711bd10372b99e:~/orchestrate-with-kubernetes/kubernetes$

google294503_student@qwiklabs-gcp-b7711bd10372b99e:~/orchestrate-with-kubernetes/kubernetes$ kubectl create -f services/hello.yaml
service "hello" created
google294503_student@qwiklabs-gcp-b7711bd10372b99e:~/orchestrate-with-kubernetes/kubernetes$

google294503_student@qwiklabs-gcp-b7711bd10372b99e:~/orchestrate-with-kubernetes/kubernetes$ kubectl create configmap nginx-frontend-conf --from-file=nginx/frontend.conf
configmap "nginx-frontend-conf" created
google294503_student@qwiklabs-gcp-b7711bd10372b99e:~/orchestrate-with-kubernetes/kubernetes$


google294503_student@qwiklabs-gcp-b7711bd10372b99e:~/orchestrate-with-kubernetes/kubernetes$ kubectl create secret generic tls-certs --from-file tls/
secret "tls-certs" created
google294503_student@qwiklabs-gcp-b7711bd10372b99e:~/orchestrate-with-kubernetes/kubernetes$

google294503_student@qwiklabs-gcp-b7711bd10372b99e:~/orchestrate-with-kubernetes/kubernetes$ kubectl create -f deployments/frontend.yaml
deployment "frontend" created
google294503_student@qwiklabs-gcp-b7711bd10372b99e:~/orchestrate-with-kubernetes/kubernetes$

google294503_student@qwiklabs-gcp-b7711bd10372b99e:~/orchestrate-with-kubernetes/kubernetes$ kubectl create -f services/frontend.yaml
service "frontend" created
google294503_student@qwiklabs-gcp-b7711bd10372b99e:~/orchestrate-with-kubernetes/kubernetes$

google294503_student@qwiklabs-gcp-b7711bd10372b99e:~/orchestrate-with-kubernetes/kubernetes$ kubectl get services frontend
NAME       TYPE           CLUSTER-IP      EXTERNAL-IP   PORT(S)         AGE
frontend   LoadBalancer   10.51.249.218   <pending>     443:30497/TCP   25s
google294503_student@qwiklabs-gcp-b7711bd10372b99e:~/orchestrate-with-kubernetes/kubernetes$

google294503_student@qwiklabs-gcp-b7711bd10372b99e:~/orchestrate-with-kubernetes/kubernetes$ curl -ks https://35.188.68.36
{"message":"Hello"}
google294503_student@qwiklabs-gcp-b7711bd10372b99e:~/orchestrate-with-kubernetes/kubernetes$

google294503_student@qwiklabs-gcp-b7711bd10372b99e:~/orchestrate-with-kubernetes/kubernetes$ curl -ks https://`kubectl get svc frontend -o=jsonpath="{.status.loadBalancer.ingress[0].ip}"`
{"message":"Hello"}
google294503_student@qwiklabs-gcp-b7711bd10372b99e:~/orchestrate-with-kubernetes/kubernetes$

google294503_student@qwiklabs-gcp-b7711bd10372b99e:~/orchestrate-with-kubernetes/kubernetes$ kubectl explain deployment.spec.replicas
FIELD: replicas <integer>

DESCRIPTION:
     Number of desired pods. This is a pointer to distinguish between explicit
     zero and not specified. Defaults to 1.
google294503_student@qwiklabs-gcp-b7711bd10372b99e:~/orchestrate-with-kubernetes/kubernetes$


google294503_student@qwiklabs-gcp-b7711bd10372b99e:~/orchestrate-with-kubernetes/kubernetes$ kubectl scale deployment hello --replicas=5
deployment "hello" scaled
google294503_student@qwiklabs-gcp-b7711bd10372b99e:~/orchestrate-with-kubernetes/kubernetes$


google294503_student@qwiklabs-gcp-b7711bd10372b99e:~/orchestrate-with-kubernetes/kubernetes$ kubectl get pods | grep hello- | wc -l
5
google294503_student@qwiklabs-gcp-b7711bd10372b99e:~/orchestrate-with-kubernetes/kubernetes$

google294503_student@qwiklabs-gcp-b7711bd10372b99e:~/orchestrate-with-kubernetes/kubernetes$ kubectl scale deployment hello --replicas=3
deployment "hello" scaled
google294503_student@qwiklabs-gcp-b7711bd10372b99e:~/orchestrate-with-kubernetes/kubernetes$

google294503_student@qwiklabs-gcp-b7711bd10372b99e:~/orchestrate-with-kubernetes/kubernetes$ kubectl get pods | grep hello- | wc -l
3
google294503_student@qwiklabs-gcp-b7711bd10372b99e:~/orchestrate-with-kubernetes/kubernetes$

=========================================================


google294503_student@qwiklabs-gcp-b7711bd10372b99e:~/orchestrate-with-kubernetes/kubernetes$ kubectl edit deployment hello
deployment "hello" edited
google294503_student@qwiklabs-gcp-b7711bd10372b99e:~/orchestrate-with-kubernetes/kubernetes$


google294503_student@qwiklabs-gcp-b7711bd10372b99e:~/orchestrate-with-kubernetes/kubernetes$ kubectl get replicaset
NAME                 DESIRED   CURRENT   READY     AGE
auth-656c5f97d7      1         1         1         14m
frontend-96d5c4674   1         1         1         9m
hello-7b4465dbfc     0         0         0         11m
hello-8444cf9b6d     3         3         3         26s
google294503_student@qwiklabs-gcp-b7711bd10372b99e:~/orchestrate-with-kubernetes/kubernetes$


google294503_student@qwiklabs-gcp-b7711bd10372b99e:~/orchestrate-with-kubernetes/kubernetes$ kubectl rollout history deployment/hello
deployments "hello"
REVISION  CHANGE-CAUSE
1         <none>
2         <none>

google294503_student@qwiklabs-gcp-b7711bd10372b99e:~/orchestrate-with-kubernetes/kubernetes$


google294503_student@qwiklabs-gcp-b7711bd10372b99e:~/orchestrate-with-kubernetes/kubernetes$ kubectl rollout pause deployment/hello
deployment "hello" paused
google294503_student@qwiklabs-gcp-b7711bd10372b99e:~/orchestrate-with-kubernetes/kubernetes$


google294503_student@qwiklabs-gcp-b7711bd10372b99e:~/orchestrate-with-kubernetes/kubernetes$ kubectl rollout status deployment/hello
deployment "hello" successfully rolled out
google294503_student@qwiklabs-gcp-b7711bd10372b99e:~/orchestrate-with-kubernetes/kubernetes$

google294503_student@qwiklabs-gcp-b7711bd10372b99e:~/orchestrate-with-kubernetes/kubernetes$ kubectl get pods -o jsonpath --template='{range .items[*]}{.metadata.name}{"\t"}{"\t"}{.spec.containers[0].image}{"\n"}{end}'
auth-656c5f97d7-rllx2           kelseyhightower/auth:2.0.0
frontend-96d5c4674-gl79d                nginx:1.9.14
hello-8444cf9b6d-286kh          kelseyhightower/hello:2.0.0
hello-8444cf9b6d-f7m5b          kelseyhightower/hello:2.0.0
hello-8444cf9b6d-wnfpk          kelseyhightower/hello:2.0.0
google294503_student@qwiklabs-gcp-b7711bd10372b99e:~/orchestrate-with-kubernetes/kubernetes$


google294503_student@qwiklabs-gcp-b7711bd10372b99e:~/orchestrate-with-kubernetes/kubernetes$ kubectl rollout resume deployment/hello
deployment "hello" resumed
google294503_student@qwiklabs-gcp-b7711bd10372b99e:~/orchestrate-with-kubernetes/kubernetes$


google294503_student@qwiklabs-gcp-b7711bd10372b99e:~/orchestrate-with-kubernetes/kubernetes$ kubectl rollout status deployment/hello
deployment "hello" successfully rolled out
google294503_student@qwiklabs-gcp-b7711bd10372b99e:~/orchestrate-with-kubernetes/kubernetes$

google294503_student@qwiklabs-gcp-b7711bd10372b99e:~/orchestrate-with-kubernetes/kubernetes$ kubectl rollout undo deployment/hello
deployment "hello" rolled back
google294503_student@qwiklabs-gcp-b7711bd10372b99e:~/orchestrate-with-kubernetes/kubernetes$

google294503_student@qwiklabs-gcp-b7711bd10372b99e:~/orchestrate-with-kubernetes/kubernetes$ kubectl rollout history deployment/hello
deployments "hello"
REVISION  CHANGE-CAUSE
2         <none>
3         <none>

google294503_student@qwiklabs-gcp-b7711bd10372b99e:~/orchestrate-with-kubernetes/kubernetes$

google294503_student@qwiklabs-gcp-b7711bd10372b99e:~/orchestrate-with-kubernetes/kubernetes$ kubectl get pods -o jsonpath --template='{range .items[*]}{.metadata.name}{"\t"}{"\t"}{.spec.containers[0].image}{"\n"}{end}'
auth-656c5f97d7-rllx2           kelseyhightower/auth:2.0.0
frontend-96d5c4674-gl79d                nginx:1.9.14
hello-7b4465dbfc-42vzs          kelseyhightower/hello:1.0.0
hello-7b4465dbfc-dhrth          kelseyhightower/hello:1.0.0
hello-7b4465dbfc-h25w8          kelseyhightower/hello:1.0.0
google294503_student@qwiklabs-gcp-b7711bd10372b99e:~/orchestrate-with-kubernetes/kubernetes$


===============================================================================================================


google294503_student@qwiklabs-gcp-b7711bd10372b99e:~/orchestrate-with-kubernetes/kubernetes$ cat deployments/hello-canary.yaml
apiVersion: extensions/v1beta1
kind: Deployment
metadata:
  name: hello-canary
spec:
  replicas: 1
  template:
    metadata:
      labels:
        app: hello
        track: canary
        version: 2.0.0
    spec:
      containers:
        - name: hello
          image: kelseyhightower/hello:2.0.0
          ports:
            - name: http
              containerPort: 80
            - name: health
              containerPort: 81
          resources:
            limits:
              cpu: 0.2
              memory: 10Mi
          livenessProbe:
            httpGet:
              path: /healthz
              port: 81
              scheme: HTTP
            initialDelaySeconds: 5
            periodSeconds: 15
            timeoutSeconds: 5
          readinessProbe:
            httpGet:
              path: /readiness
              port: 81
              scheme: HTTP
            initialDelaySeconds: 5
            timeoutSeconds: 1
google294503_student@qwiklabs-gcp-b7711bd10372b99e:~/orchestrate-with-kubernetes/kubernetes$

google294503_student@qwiklabs-gcp-b7711bd10372b99e:~/orchestrate-with-kubernetes/kubernetes$ kubectl create -f deployments/hello-canary.yaml
deployment "hello-canary" created
google294503_student@qwiklabs-gcp-b7711bd10372b99e:~/orchestrate-with-kubernetes/kubernetes$


google294503_student@qwiklabs-gcp-b7711bd10372b99e:~/orchestrate-with-kubernetes/kubernetes$ kubectl get deployments
NAME           DESIRED   CURRENT   UP-TO-DATE   AVAILABLE   AGE
auth           1         1         1            1           19m
frontend       1         1         1            1           15m
hello          3         3         3            3           17m
hello-canary   1         1         1            1           24s
google294503_student@qwiklabs-gcp-b7711bd10372b99e:~/orchestrate-with-kubernetes/kubernetes$


google294503_student@qwiklabs-gcp-b7711bd10372b99e:~/orchestrate-with-kubernetes/kubernetes$ curl -ks https://`kubectl get svc frontend -o=jsonpath="{.status.loadBalancer.ingress[0].ip}"`/version
{"version":"1.0.0"}
google294503_student@qwiklabs-gcp-b7711bd10372b99e:~/orchestrate-with-kubernetes/kubernetes$

google294503_student@qwiklabs-gcp-b7711bd10372b99e:~/orchestrate-with-kubernetes/kubernetes$ kubectl delete deployment hello-canary
deployment "hello-canary" deleted
google294503_student@qwiklabs-gcp-b7711bd10372b99e:~/orchestrate-with-kubernetes/kubernetes$


====================================================================================


google294503_student@qwiklabs-gcp-b7711bd10372b99e:~/orchestrate-with-kubernetes/kubernetes$ kubectl apply -f services/hello-blue.yaml
Warning: kubectl apply should be used on resource created by either kubectl create --save-config or kubectl apply
service "hello" configured
google294503_student@qwiklabs-gcp-b7711bd10372b99e:~/orchestrate-with-kubernetes/kubernetes$



google294503_student@qwiklabs-gcp-b7711bd10372b99e:~/orchestrate-with-kubernetes/kubernetes$ kubectl create -f deployments/hello-green.yaml
deployment "hello-green" created
google294503_student@qwiklabs-gcp-b7711bd10372b99e:~/orchestrate-with-kubernetes/kubernetes$


google294503_student@qwiklabs-gcp-b7711bd10372b99e:~/orchestrate-with-kubernetes/kubernetes$ curl -ks https://`kubectl get svc frontend -o=jsonpath="{.status.loadBalancer.ingress[0].ip}"`/version
{"version":"1.0.0"}
google294503_student@qwiklabs-gcp-b7711bd10372b99e:~/orchestrate-with-kubernetes/kubernetes$


google294503_student@qwiklabs-gcp-b7711bd10372b99e:~/orchestrate-with-kubernetes/kubernetes$ kubectl apply -f services/hello-green.yaml
service "hello" configured
google294503_student@qwiklabs-gcp-b7711bd10372b99e:~/orchestrate-with-kubernetes/kubernetes$


google294503_student@qwiklabs-gcp-b7711bd10372b99e:~/orchestrate-with-kubernetes/kubernetes$ curl -ks https://`kubectl get svc frontend -o=jsonpath="{.status.loadBalancer.ingress[0].ip}"`/version
{"version":"2.0.0"}
google294503_student@qwiklabs-gcp-b7711bd10372b99e:~/orchestrate-with-kubernetes/kubernetes$


google294503_student@qwiklabs-gcp-b7711bd10372b99e:~/orchestrate-with-kubernetes/kubernetes$ kubectl apply -f services/hello-blue.yaml
service "hello" configured
google294503_student@qwiklabs-gcp-b7711bd10372b99e:~/orchestrate-with-kubernetes/kubernetes$ curl -ks https://`kubectl get svc frontend -o=jsonpath="{.status.loadBalancer.ingress[0].ip}"`/version
{"version":"1.0.0"}
google294503_student@qwiklabs-gcp-b7711bd10372b99e:~/orchestrate-with-kubernetes/kubernetes$



======================================================================================



kubectl proxy --port=8080


https://cloud.google.com/kubernetes-engine/docs/oss-ui